// Jest Snapshot v1, https://goo.gl/fbAQLP

exports[`Todo should render todo Todo 1`] = `ShallowWrapper {}`;
